// Jest Snapshot v1, https://goo.gl/fbAQLP

exports[`UU5.Bricks.Resize.Item checkGrammar 1`] = `"Content"`;

exports[`UU5.Bricks.Resize.Item checkGrammar 2`] = `"Content"`;

exports[`UU5.Bricks.Resize.Item checkGrammar 3`] = `"Content"`;

exports[`UU5.Bricks.Resize.Item checkGrammar 4`] = `"Content"`;

exports[`UU5.Bricks.Resize.Item checkHighlight 1`] = `"Content"`;

exports[`UU5.Bricks.Resize.Item checkHighlight 2`] = `"Content"`;

exports[`UU5.Bricks.Resize.Item checkHighlight 3`] = `"Content"`;

exports[`UU5.Bricks.Resize.Item checkHighlight 4`] = `"Content"`;

exports[`UU5.Bricks.Resize.Item checkSpaces 1`] = `"Content"`;

exports[`UU5.Bricks.Resize.Item checkSpaces 2`] = `"Content"`;

exports[`UU5.Bricks.Resize.Item checkSpaces 3`] = `"Content"`;

exports[`UU5.Bricks.Resize.Item checkSpaces 4`] = `"Content"`;

exports[`UU5.Bricks.Resize.Item className 1`] = `"Content"`;

exports[`UU5.Bricks.Resize.Item content 1`] = `12345`;

exports[`UU5.Bricks.Resize.Item content 2`] = `"This is Content from ContentMixin"`;

exports[`UU5.Bricks.Resize.Item content 3`] = `"This is Content from ContentMixin"`;

exports[`UU5.Bricks.Resize.Item content 4`] = `12345`;

exports[`UU5.Bricks.Resize.Item controlled 1`] = `"Content"`;

exports[`UU5.Bricks.Resize.Item controlled 2`] = `"Content"`;

exports[`UU5.Bricks.Resize.Item controlled 3`] = `"Content"`;

exports[`UU5.Bricks.Resize.Item controlled 4`] = `"Content"`;

exports[`UU5.Bricks.Resize.Item default props 1`] = `"Content"`;

exports[`UU5.Bricks.Resize.Item disabled 1`] = `"Content"`;

exports[`UU5.Bricks.Resize.Item disabled 2`] = `"Content"`;

exports[`UU5.Bricks.Resize.Item disabled 3`] = `"Content"`;

exports[`UU5.Bricks.Resize.Item disabled 4`] = `"Content"`;

exports[`UU5.Bricks.Resize.Item dynamic 1`] = `"Content"`;

exports[`UU5.Bricks.Resize.Item dynamic 2`] = `"Content"`;

exports[`UU5.Bricks.Resize.Item dynamic 3`] = `"Content"`;

exports[`UU5.Bricks.Resize.Item dynamic 4`] = `"Content"`;

exports[`UU5.Bricks.Resize.Item hidden 1`] = `"Content"`;

exports[`UU5.Bricks.Resize.Item hidden 2`] = `"Content"`;

exports[`UU5.Bricks.Resize.Item hidden 3`] = `"Content"`;

exports[`UU5.Bricks.Resize.Item hidden 4`] = `"Content"`;

exports[`UU5.Bricks.Resize.Item id 1`] = `"Content"`;

exports[`UU5.Bricks.Resize.Item ignoreHTML 1`] = `"Content"`;

exports[`UU5.Bricks.Resize.Item ignoreHTML 2`] = `"Content"`;

exports[`UU5.Bricks.Resize.Item ignoreHTML 3`] = `"Content"`;

exports[`UU5.Bricks.Resize.Item ignoreHTML 4`] = `"Content"`;

exports[`UU5.Bricks.Resize.Item mainAttrs 1`] = `"Content"`;

exports[`UU5.Bricks.Resize.Item max 1`] = `"Content"`;

exports[`UU5.Bricks.Resize.Item max 2`] = `"Content"`;

exports[`UU5.Bricks.Resize.Item max 3`] = `"Content"`;

exports[`UU5.Bricks.Resize.Item max 4`] = `"Content"`;

exports[`UU5.Bricks.Resize.Item name 1`] = `"Content"`;

exports[`UU5.Bricks.Resize.Item nestingLevel 1`] = `"Content"`;

exports[`UU5.Bricks.Resize.Item nestingLevel 2`] = `"Content"`;

exports[`UU5.Bricks.Resize.Item nestingLevel 3`] = `"Content"`;

exports[`UU5.Bricks.Resize.Item nestingLevel 4`] = `"Content"`;

exports[`UU5.Bricks.Resize.Item nestingLevel 5`] = `"Content"`;

exports[`UU5.Bricks.Resize.Item nestingLevel 6`] = `"Content"`;

exports[`UU5.Bricks.Resize.Item nestingLevel 7`] = `"Content"`;

exports[`UU5.Bricks.Resize.Item nestingLevel 8`] = `"Content"`;

exports[`UU5.Bricks.Resize.Item nestingLevel 9`] = `"Content"`;

exports[`UU5.Bricks.Resize.Item nestingLevel 10`] = `"Content"`;

exports[`UU5.Bricks.Resize.Item nestingLevel 11`] = `"Content"`;

exports[`UU5.Bricks.Resize.Item nestingLevel 12`] = `"Content"`;

exports[`UU5.Bricks.Resize.Item nestingLevel 13`] = `"Content"`;

exports[`UU5.Bricks.Resize.Item nestingLevel 14`] = `"Content"`;

exports[`UU5.Bricks.Resize.Item nestingLevel 15`] = `"Content"`;

exports[`UU5.Bricks.Resize.Item nestingLevel 16`] = `"Content"`;

exports[`UU5.Bricks.Resize.Item nestingLevel 17`] = `"Content"`;

exports[`UU5.Bricks.Resize.Item nestingLevel 18`] = `"Content"`;

exports[`UU5.Bricks.Resize.Item nestingLevel 19`] = `"Content"`;

exports[`UU5.Bricks.Resize.Item nestingLevel 20`] = `"Content"`;

exports[`UU5.Bricks.Resize.Item noIndex 1`] = `"Content"`;

exports[`UU5.Bricks.Resize.Item noIndex 2`] = `"Content"`;

exports[`UU5.Bricks.Resize.Item noIndex 3`] = `"Content"`;

exports[`UU5.Bricks.Resize.Item noIndex 4`] = `"Content"`;

exports[`UU5.Bricks.Resize.Item selected 1`] = `"Content"`;

exports[`UU5.Bricks.Resize.Item selected 2`] = `"Content"`;

exports[`UU5.Bricks.Resize.Item selected 3`] = `"Content"`;

exports[`UU5.Bricks.Resize.Item selected 4`] = `"Content"`;

exports[`UU5.Bricks.Resize.Item style 1`] = `"Content"`;

exports[`UU5.Bricks.Resize.Item style 2`] = `"Content"`;

exports[`UU5.Bricks.Resize.Item style 3`] = `"Content"`;

exports[`UU5.Bricks.Resize.Item style 4`] = `"Content"`;

exports[`UU5.Bricks.Resize.Item textCorrector 1`] = `"Content"`;

exports[`UU5.Bricks.Resize.Item textCorrector 2`] = `"Content"`;

exports[`UU5.Bricks.Resize.Item textCorrector 3`] = `"Content"`;

exports[`UU5.Bricks.Resize.Item textCorrector 4`] = `"Content"`;

exports[`UU5.Bricks.Resize.Item tooltip 1`] = `"Content"`;
